##### demo-plus @ 281b13bc 22:01:55
##### ARM dp-cn4 wt=demo-plus@281b13bc NUM_CNS=4 ASYNC=1 FUSION=<unset> TRANSLATE_ONLY=0 EXTRA_ENV= queries: q01 q02 q03 q04 q05 q06 q07 q08 q09 q10 q11 q12 q13 q14 q15 q16 q17 q18 q19 q20 q21 q22 22:01:55
alive=4 after 18s
q01 r0 cold pass 3048ms rows=4 
q01 r1 warm pass 1846ms rows=4 
q01 r2 warm pass 2824ms rows=4 
q02 r0 cold pass 1971ms rows=100 
q02 r1 warm pass 1142ms rows=100 
q02 r2 warm pass 1140ms rows=100 
q03 r0 cold pass 3987ms rows=10 
q03 r1 warm pass 1709ms rows=10 
q03 r2 warm pass 1750ms rows=10 
q04 r0 cold pass 1528ms rows=5 
q04 r1 warm pass 1077ms rows=5 
q04 r2 warm pass 1055ms rows=5 
q05 r0 cold fail 1408ms rows=0 ERROR 1064 (HY000) at line 1: request_staging_lease failed with status 6: staging lease of 655281088 bytes failed: exchange staging arena exhausted: requested 6
q06 r0 cold pass 1304ms rows=1 
q06 r1 warm pass 1209ms rows=1 
q06 r2 warm pass 1239ms rows=1 
q07 r0 cold pass 1995ms rows=4 
q07 r1 warm pass 1966ms rows=4 
q07 r2 warm pass 1977ms rows=4 
q08 r0 cold fail 2392ms rows=0 ERROR 1064 (HY000) at line 1: failed to export a packed batch for SenderSlot { fragment_instance_id: FragmentInstanceId(01a06e72-1597-74db-b802-865659c1fd31), n
q09 r0 cold fail 2115ms rows=0 ERROR 1064 (HY000) at line 1: request_staging_lease failed with status 6: staging lease of 648994944 bytes failed: exchange staging arena exhausted: requested 6
q10 r0 cold pass 1869ms rows=20 
q10 r1 warm pass 1760ms rows=20 
q10 r2 warm pass 1811ms rows=20 
q11 r0 cold pass 759ms rows=0 
q11 r1 warm pass 668ms rows=0 
q11 r2 warm pass 670ms rows=0 
q12 r0 cold pass 1297ms rows=2 
q12 r1 warm pass 1282ms rows=2 
q12 r2 warm pass 1298ms rows=2 
q13 r0 cold pass 1164ms rows=30 
q13 r1 warm pass 1038ms rows=30 
q13 r2 warm pass 1032ms rows=30 
q14 r0 cold pass 1229ms rows=1 
q14 r1 warm pass 1277ms rows=1 
q14 r2 warm pass 1239ms rows=1 
q15 r0 cold pass 2008ms rows=1 
q15 r1 warm pass 2076ms rows=1 
q15 r2 warm pass 2070ms rows=0 
q16 r0 cold pass 739ms rows=27840 
q16 r1 warm pass 647ms rows=27840 
q16 r2 warm pass 682ms rows=27840 
q17 r0 cold fail 1320ms rows=0 ERROR 1064 (HY000) at line 1: request_staging_lease failed with status 6: staging lease of 654049472 bytes failed: exchange staging arena exhausted: requested 6
q18 r0 cold fail 1349ms rows=0 ERROR 1064 (HY000) at line 1: request_staging_lease failed with status 6: staging lease of 659267456 bytes failed: exchange staging arena exhausted: requested 6
q19 r0 cold pass 1557ms rows=1 
q19 r1 warm pass 1415ms rows=1 
q19 r2 warm pass 1503ms rows=1 
q20 r0 cold pass 1777ms rows=112013 
q20 r1 warm pass 1836ms rows=112013 
q20 r2 warm pass 1786ms rows=112013 
q21 r0 cold fail 2103ms rows=0 ERROR 1064 (HY000) at line 1: failed to export a packed batch for SenderSlot { fragment_instance_id: FragmentInstanceId(01a06e72-c0a2-7635-b98f-52cd5f5b1122), n
q22 r0 cold pass 903ms rows=7 
q22 r1 warm pass 845ms rows=7 
q22 r2 warm pass 859ms rows=7 
##### ARM dp-cn4 DONE 22:03:44
##### ARM dp-cn1-six wt=demo-plus@281b13bc NUM_CNS=1 ASYNC=1 FUSION=<unset> TRANSLATE_ONLY=0 EXTRA_ENV= queries: q05 q08 q09 q17 q18 q21 22:03:45
alive=1 after 24s
q05 r0 cold pass 12881ms rows=5 
q05 r1 warm pass 5403ms rows=5 
q05 r2 warm pass 5721ms rows=5 
q08 r0 cold pass 3902ms rows=2 
q08 r1 warm pass 3775ms rows=2 
q08 r2 warm pass 3765ms rows=2 
q09 r0 cold pass 5149ms rows=175 
q09 r1 warm pass 5206ms rows=175 
q09 r2 warm pass 5100ms rows=175 
q17 r0 cold pass 4803ms rows=1 
q17 r1 warm pass 4939ms rows=1 
q17 r2 warm pass 4973ms rows=1 
q18 r0 cold pass 3265ms rows=100 
q18 r1 warm pass 3239ms rows=100 
q18 r2 warm pass 3273ms rows=100 
q21 r0 cold pass 10585ms rows=100 
q21 r1 warm pass 10661ms rows=100 
q21 r2 warm pass 10580ms rows=100 
##### ARM dp-cn1-six DONE 22:06:46
##### ARMS DONE 22:06:52
